<?xml version="1.0"?>
<link_info>
   <banner>MSP430 Linker PC v4.4.3</banner>
   <copyright>Copyright (c) 2003-2015 Texas Instruments Incorporated</copyright>
   <link_time>0x5654f82c</link_time>
   <link_errors>0x0</link_errors>
   <output_file>NewBerryMaster.out</output_file>
   <entry_point>
      <name>_c_int00_noargs_noexit</name>
      <address>0xce6c</address>
   </entry_point>
   <input_file_list>
      <input_file id="fl-2">
         <path>.\</path>
         <kind>object</kind>
         <file>IObuffer.obj</file>
         <name>IObuffer.obj</name>
      </input_file>
      <input_file id="fl-3">
         <path>.\</path>
         <kind>object</kind>
         <file>ft201x.obj</file>
         <name>ft201x.obj</name>
      </input_file>
      <input_file id="fl-4">
         <path>.\</path>
         <kind>object</kind>
         <file>i2c.obj</file>
         <name>i2c.obj</name>
      </input_file>
      <input_file id="fl-5">
         <path>.\</path>
         <kind>object</kind>
         <file>main.obj</file>
         <name>main.obj</name>
      </input_file>
      <input_file id="fl-3a">
         <path>C:\ti\ccsv6\tools\compiler\ti-cgt-msp430_4.4.3\lib\</path>
         <kind>archive</kind>
         <file>rts430x_lc_sd_eabi.lib</file>
         <name>boot.obj</name>
      </input_file>
      <input_file id="fl-3b">
         <path>C:\ti\ccsv6\tools\compiler\ti-cgt-msp430_4.4.3\lib\</path>
         <kind>archive</kind>
         <file>rts430x_lc_sd_eabi.lib</file>
         <name>boot_special.obj</name>
      </input_file>
      <input_file id="fl-3c">
         <path>C:\ti\ccsv6\tools\compiler\ti-cgt-msp430_4.4.3\lib\</path>
         <kind>archive</kind>
         <file>rts430x_lc_sd_eabi.lib</file>
         <name>copy_decompress_none.obj</name>
      </input_file>
      <input_file id="fl-3d">
         <path>C:\ti\ccsv6\tools\compiler\ti-cgt-msp430_4.4.3\lib\</path>
         <kind>archive</kind>
         <file>rts430x_lc_sd_eabi.lib</file>
         <name>copy_decompress_rle.obj</name>
      </input_file>
      <input_file id="fl-3e">
         <path>C:\ti\ccsv6\tools\compiler\ti-cgt-msp430_4.4.3\lib\</path>
         <kind>archive</kind>
         <file>rts430x_lc_sd_eabi.lib</file>
         <name>copy_zero_init.obj</name>
      </input_file>
      <input_file id="fl-3f">
         <path>C:\ti\ccsv6\tools\compiler\ti-cgt-msp430_4.4.3\lib\</path>
         <kind>archive</kind>
         <file>rts430x_lc_sd_eabi.lib</file>
         <name>cpy_util.obj</name>
      </input_file>
      <input_file id="fl-40">
         <path>C:\ti\ccsv6\tools\compiler\ti-cgt-msp430_4.4.3\lib\</path>
         <kind>archive</kind>
         <file>rts430x_lc_sd_eabi.lib</file>
         <name>exit.obj</name>
      </input_file>
      <input_file id="fl-41">
         <path>C:\ti\ccsv6\tools\compiler\ti-cgt-msp430_4.4.3\lib\</path>
         <kind>archive</kind>
         <file>rts430x_lc_sd_eabi.lib</file>
         <name>int31.obj</name>
      </input_file>
      <input_file id="fl-42">
         <path>C:\ti\ccsv6\tools\compiler\ti-cgt-msp430_4.4.3\lib\</path>
         <kind>archive</kind>
         <file>rts430x_lc_sd_eabi.lib</file>
         <name>int36.obj</name>
      </input_file>
      <input_file id="fl-43">
         <path>C:\ti\ccsv6\tools\compiler\ti-cgt-msp430_4.4.3\lib\</path>
         <kind>archive</kind>
         <file>rts430x_lc_sd_eabi.lib</file>
         <name>int40.obj</name>
      </input_file>
      <input_file id="fl-44">
         <path>C:\ti\ccsv6\tools\compiler\ti-cgt-msp430_4.4.3\lib\</path>
         <kind>archive</kind>
         <file>rts430x_lc_sd_eabi.lib</file>
         <name>int41.obj</name>
      </input_file>
      <input_file id="fl-45">
         <path>C:\ti\ccsv6\tools\compiler\ti-cgt-msp430_4.4.3\lib\</path>
         <kind>archive</kind>
         <file>rts430x_lc_sd_eabi.lib</file>
         <name>int42.obj</name>
      </input_file>
      <input_file id="fl-46">
         <path>C:\ti\ccsv6\tools\compiler\ti-cgt-msp430_4.4.3\lib\</path>
         <kind>archive</kind>
         <file>rts430x_lc_sd_eabi.lib</file>
         <name>int44.obj</name>
      </input_file>
      <input_file id="fl-47">
         <path>C:\ti\ccsv6\tools\compiler\ti-cgt-msp430_4.4.3\lib\</path>
         <kind>archive</kind>
         <file>rts430x_lc_sd_eabi.lib</file>
         <name>int45.obj</name>
      </input_file>
      <input_file id="fl-48">
         <path>C:\ti\ccsv6\tools\compiler\ti-cgt-msp430_4.4.3\lib\</path>
         <kind>archive</kind>
         <file>rts430x_lc_sd_eabi.lib</file>
         <name>int46.obj</name>
      </input_file>
      <input_file id="fl-49">
         <path>C:\ti\ccsv6\tools\compiler\ti-cgt-msp430_4.4.3\lib\</path>
         <kind>archive</kind>
         <file>rts430x_lc_sd_eabi.lib</file>
         <name>int47.obj</name>
      </input_file>
      <input_file id="fl-4a">
         <path>C:\ti\ccsv6\tools\compiler\ti-cgt-msp430_4.4.3\lib\</path>
         <kind>archive</kind>
         <file>rts430x_lc_sd_eabi.lib</file>
         <name>int48.obj</name>
      </input_file>
      <input_file id="fl-4b">
         <path>C:\ti\ccsv6\tools\compiler\ti-cgt-msp430_4.4.3\lib\</path>
         <kind>archive</kind>
         <file>rts430x_lc_sd_eabi.lib</file>
         <name>int50.obj</name>
      </input_file>
      <input_file id="fl-4c">
         <path>C:\ti\ccsv6\tools\compiler\ti-cgt-msp430_4.4.3\lib\</path>
         <kind>archive</kind>
         <file>rts430x_lc_sd_eabi.lib</file>
         <name>int51.obj</name>
      </input_file>
      <input_file id="fl-4d">
         <path>C:\ti\ccsv6\tools\compiler\ti-cgt-msp430_4.4.3\lib\</path>
         <kind>archive</kind>
         <file>rts430x_lc_sd_eabi.lib</file>
         <name>int52.obj</name>
      </input_file>
      <input_file id="fl-4e">
         <path>C:\ti\ccsv6\tools\compiler\ti-cgt-msp430_4.4.3\lib\</path>
         <kind>archive</kind>
         <file>rts430x_lc_sd_eabi.lib</file>
         <name>int53.obj</name>
      </input_file>
      <input_file id="fl-4f">
         <path>C:\ti\ccsv6\tools\compiler\ti-cgt-msp430_4.4.3\lib\</path>
         <kind>archive</kind>
         <file>rts430x_lc_sd_eabi.lib</file>
         <name>int54.obj</name>
      </input_file>
      <input_file id="fl-50">
         <path>C:\ti\ccsv6\tools\compiler\ti-cgt-msp430_4.4.3\lib\</path>
         <kind>archive</kind>
         <file>rts430x_lc_sd_eabi.lib</file>
         <name>isr_trap.obj</name>
      </input_file>
      <input_file id="fl-51">
         <path>C:\ti\ccsv6\tools\compiler\ti-cgt-msp430_4.4.3\lib\</path>
         <kind>archive</kind>
         <file>rts430x_lc_sd_eabi.lib</file>
         <name>memory.obj</name>
      </input_file>
      <input_file id="fl-52">
         <path>C:\ti\ccsv6\tools\compiler\ti-cgt-msp430_4.4.3\lib\</path>
         <kind>archive</kind>
         <file>rts430x_lc_sd_eabi.lib</file>
         <name>mpu_init.obj</name>
      </input_file>
      <input_file id="fl-53">
         <path>C:\ti\ccsv6\tools\compiler\ti-cgt-msp430_4.4.3\lib\</path>
         <kind>archive</kind>
         <file>rts430x_lc_sd_eabi.lib</file>
         <name>mult16.obj</name>
      </input_file>
      <input_file id="fl-54">
         <path>C:\ti\ccsv6\tools\compiler\ti-cgt-msp430_4.4.3\lib\</path>
         <kind>archive</kind>
         <file>rts430x_lc_sd_eabi.lib</file>
         <name>mult1632_f5hw.obj</name>
      </input_file>
      <input_file id="fl-55">
         <path>C:\ti\ccsv6\tools\compiler\ti-cgt-msp430_4.4.3\lib\</path>
         <kind>archive</kind>
         <file>rts430x_lc_sd_eabi.lib</file>
         <name>mult16_f5hw.obj</name>
      </input_file>
      <input_file id="fl-56">
         <path>C:\ti\ccsv6\tools\compiler\ti-cgt-msp430_4.4.3\lib\</path>
         <kind>archive</kind>
         <file>rts430x_lc_sd_eabi.lib</file>
         <name>mult3264_f5hw.obj</name>
      </input_file>
      <input_file id="fl-57">
         <path>C:\ti\ccsv6\tools\compiler\ti-cgt-msp430_4.4.3\lib\</path>
         <kind>archive</kind>
         <file>rts430x_lc_sd_eabi.lib</file>
         <name>mult32_f5hw.obj</name>
      </input_file>
      <input_file id="fl-58">
         <path>C:\ti\ccsv6\tools\compiler\ti-cgt-msp430_4.4.3\lib\</path>
         <kind>archive</kind>
         <file>rts430x_lc_sd_eabi.lib</file>
         <name>mult64_f5hw.obj</name>
      </input_file>
      <input_file id="fl-59">
         <path>C:\ti\ccsv6\tools\compiler\ti-cgt-msp430_4.4.3\lib\</path>
         <kind>archive</kind>
         <file>rts430x_lc_sd_eabi.lib</file>
         <name>pre_init.obj</name>
      </input_file>
      <input_file id="fl-5a">
         <path>C:\ti\ccsv6\tools\compiler\ti-cgt-msp430_4.4.3\lib\</path>
         <kind>archive</kind>
         <file>rts430x_lc_sd_eabi.lib</file>
         <name>setjmp.obj</name>
      </input_file>
      <input_file id="fl-5b">
         <path>C:\ti\ccsv6\tools\compiler\ti-cgt-msp430_4.4.3\lib\</path>
         <kind>archive</kind>
         <file>rts430x_lc_sd_eabi.lib</file>
         <name>_lock.obj</name>
      </input_file>
      <input_file id="fl-5c">
         <path>C:\ti\ccsv6\tools\compiler\ti-cgt-msp430_4.4.3\lib\</path>
         <kind>archive</kind>
         <file>rts430x_lc_sd_eabi.lib</file>
         <name>args_main.obj</name>
      </input_file>
      <input_file id="fl-5d">
         <path>C:\ti\ccsv6\tools\compiler\ti-cgt-msp430_4.4.3\lib\</path>
         <kind>archive</kind>
         <file>rts430x_lc_sd_eabi.lib</file>
         <name>autoinit_wdt.obj</name>
      </input_file>
      <input_file id="fl-5e">
         <path>C:\ti\ccsv6\tools\compiler\ti-cgt-msp430_4.4.3\lib\</path>
         <kind>archive</kind>
         <file>rts430x_lc_sd_eabi.lib</file>
         <name>memcpy.obj</name>
      </input_file>
   </input_file_list>
   <object_component_list>
      <object_component id="oc-2a2">
         <name>.sysmem</name>
         <load_address>0xc200</load_address>
         <run_address>0xc200</run_address>
         <size>0x0</size>
      </object_component>
      <object_component id="oc-c6">
         <name>.sysmem</name>
         <load_address>0xc200</load_address>
         <run_address>0xc200</run_address>
         <size>0x4</size>
         <input_file_ref idref="fl-51"/>
      </object_component>
      <object_component id="oc-2a0">
         <name>.cinit..data.load</name>
         <load_address>0xc400</load_address>
         <run_address>0xc400</run_address>
         <size>0x10</size>
      </object_component>
      <object_component id="oc-29d">
         <name>__TI_handler_table</name>
         <load_address>0xc412</load_address>
         <run_address>0xc412</run_address>
         <size>0xc</size>
      </object_component>
      <object_component id="oc-29f">
         <name>.cinit..bss.load</name>
         <load_address>0xc41e</load_address>
         <run_address>0xc41e</run_address>
         <size>0x6</size>
      </object_component>
      <object_component id="oc-29e">
         <name>__TI_cinit_table</name>
         <load_address>0xc424</load_address>
         <run_address>0xc424</run_address>
         <size>0x10</size>
      </object_component>
      <object_component id="oc-16d">
         <name>.const:.string</name>
         <load_address>0xc434</load_address>
         <run_address>0xc434</run_address>
         <size>0xe</size>
         <input_file_ref idref="fl-5"/>
      </object_component>
      <object_component id="oc-16e">
         <name>.text:IOputs</name>
         <load_address>0xc600</load_address>
         <run_address>0xc600</run_address>
         <size>0xd6</size>
         <input_file_ref idref="fl-2"/>
      </object_component>
      <object_component id="oc-d5">
         <name>.text:__TI_decompress_rle_core</name>
         <load_address>0xc6d6</load_address>
         <run_address>0xc6d6</run_address>
         <size>0xd6</size>
         <input_file_ref idref="fl-3d"/>
      </object_component>
      <object_component id="oc-228">
         <name>.text:malloc</name>
         <load_address>0xc7ac</load_address>
         <run_address>0xc7ac</run_address>
         <size>0xac</size>
         <input_file_ref idref="fl-51"/>
      </object_component>
      <object_component id="oc-1ea">
         <name>.text:ft201x_i2c_read</name>
         <load_address>0xc858</load_address>
         <run_address>0xc858</run_address>
         <size>0xa4</size>
         <input_file_ref idref="fl-3"/>
      </object_component>
      <object_component id="oc-ff">
         <name>.text:_auto_init_hold_wdt</name>
         <load_address>0xc8fc</load_address>
         <run_address>0xc8fc</run_address>
         <size>0x80</size>
         <input_file_ref idref="fl-5d"/>
      </object_component>
      <object_component id="oc-119">
         <name>.text:main</name>
         <load_address>0xc97c</load_address>
         <run_address>0xc97c</run_address>
         <size>0x62</size>
         <input_file_ref idref="fl-5"/>
      </object_component>
      <object_component id="oc-1e5">
         <name>.text</name>
         <load_address>0xc9de</load_address>
         <run_address>0xc9de</run_address>
         <size>0x5e</size>
         <input_file_ref idref="fl-5a"/>
      </object_component>
      <object_component id="oc-21d">
         <name>.text:ft201x_i2c_out8bits</name>
         <load_address>0xca3c</load_address>
         <run_address>0xca3c</run_address>
         <size>0x5c</size>
         <input_file_ref idref="fl-3"/>
      </object_component>
      <object_component id="oc-1cf">
         <name>.text:ft201x_init</name>
         <load_address>0xca98</load_address>
         <run_address>0xca98</run_address>
         <size>0x5a</size>
         <input_file_ref idref="fl-3"/>
      </object_component>
      <object_component id="oc-142">
         <name>.text:IOputc</name>
         <load_address>0xcaf2</load_address>
         <run_address>0xcaf2</run_address>
         <size>0x56</size>
         <input_file_ref idref="fl-2"/>
      </object_component>
      <object_component id="oc-1dd">
         <name>.text:ft201x_i2c_write</name>
         <load_address>0xcb48</load_address>
         <run_address>0xcb48</run_address>
         <size>0x4e</size>
         <input_file_ref idref="fl-3"/>
      </object_component>
      <object_component id="oc-209">
         <name>.text:IObuffer_create</name>
         <load_address>0xcb96</load_address>
         <run_address>0xcb96</run_address>
         <size>0x4a</size>
         <input_file_ref idref="fl-2"/>
      </object_component>
      <object_component id="oc-1c9">
         <name>.text:setClock</name>
         <load_address>0xcbe0</load_address>
         <run_address>0xcbe0</run_address>
         <size>0x46</size>
         <input_file_ref idref="fl-5"/>
      </object_component>
      <object_component id="oc-174">
         <name>.text:USBOutEvent</name>
         <load_address>0xcc26</load_address>
         <run_address>0xcc26</run_address>
         <size>0x44</size>
         <input_file_ref idref="fl-3"/>
      </object_component>
      <object_component id="oc-e7">
         <name>.text:_isr:Port_1_ISR</name>
         <load_address>0xcc6a</load_address>
         <run_address>0xcc6a</run_address>
         <size>0x44</size>
         <input_file_ref idref="fl-5"/>
      </object_component>
      <object_component id="oc-c9">
         <name>.text:__memcpy_far</name>
         <load_address>0xccae</load_address>
         <run_address>0xccae</run_address>
         <size>0x40</size>
         <input_file_ref idref="fl-3f"/>
      </object_component>
      <object_component id="oc-80">
         <name>.text:decompress:ZI:__TI_zero_init</name>
         <load_address>0xccee</load_address>
         <run_address>0xccee</run_address>
         <size>0x3e</size>
         <input_file_ref idref="fl-3e"/>
      </object_component>
      <object_component id="oc-1d7">
         <name>.text:IOgetc</name>
         <load_address>0xcd2c</load_address>
         <run_address>0xcd2c</run_address>
         <size>0x3c</size>
         <input_file_ref idref="fl-2"/>
      </object_component>
      <object_component id="oc-17a">
         <name>.text:USBInEvent</name>
         <load_address>0xcd68</load_address>
         <run_address>0xcd68</run_address>
         <size>0x3c</size>
         <input_file_ref idref="fl-3"/>
      </object_component>
      <object_component id="oc-63">
         <name>.text:decompress:none:__TI_decompress_none</name>
         <load_address>0xcda4</load_address>
         <run_address>0xcda4</run_address>
         <size>0x3c</size>
         <input_file_ref idref="fl-3c"/>
      </object_component>
      <object_component id="oc-235">
         <name>.text:minit</name>
         <load_address>0xcde0</load_address>
         <run_address>0xcde0</run_address>
         <size>0x38</size>
         <input_file_ref idref="fl-51"/>
      </object_component>
      <object_component id="oc-217">
         <name>.text:ft201x_i2c_start_address</name>
         <load_address>0xce18</load_address>
         <run_address>0xce18</run_address>
         <size>0x2a</size>
         <input_file_ref idref="fl-3"/>
      </object_component>
      <object_component id="oc-167">
         <name>.text:msp430init</name>
         <load_address>0xce42</load_address>
         <run_address>0xce42</run_address>
         <size>0x2a</size>
         <input_file_ref idref="fl-5"/>
      </object_component>
      <object_component id="oc-9e">
         <name>.text:_isr:_c_int00_noargs_noexit</name>
         <load_address>0xce6c</load_address>
         <run_address>0xce6c</run_address>
         <size>0x1a</size>
         <input_file_ref idref="fl-3b"/>
      </object_component>
      <object_component id="oc-1c3">
         <name>.text:WDT_init</name>
         <load_address>0xce86</load_address>
         <run_address>0xce86</run_address>
         <size>0x18</size>
         <input_file_ref idref="fl-5"/>
      </object_component>
      <object_component id="oc-ed">
         <name>.text:_isr:WDT_ISR</name>
         <load_address>0xce9e</load_address>
         <run_address>0xce9e</run_address>
         <size>0x16</size>
         <input_file_ref idref="fl-5"/>
      </object_component>
      <object_component id="oc-69">
         <name>.text:decompress:rle24:__TI_decompress_rle24</name>
         <load_address>0xceb4</load_address>
         <run_address>0xceb4</run_address>
         <size>0xe</size>
         <input_file_ref idref="fl-3d"/>
      </object_component>
      <object_component id="oc-20f">
         <name>.text:USB_Out_callback</name>
         <load_address>0xcec2</load_address>
         <run_address>0xcec2</run_address>
         <size>0x6</size>
         <input_file_ref idref="fl-3"/>
      </object_component>
      <object_component id="oc-e2">
         <name>.text:_isr:__TI_ISR_TRAP</name>
         <load_address>0xcec8</load_address>
         <run_address>0xcec8</run_address>
         <size>0x6</size>
         <input_file_ref idref="fl-50"/>
      </object_component>
      <object_component id="oc-f9">
         <name>.text:_system_pre_init</name>
         <load_address>0xcece</load_address>
         <run_address>0xcece</run_address>
         <size>0x4</size>
         <input_file_ref idref="fl-59"/>
      </object_component>
      <object_component id="oc-121">
         <name>.text:abort</name>
         <load_address>0xced2</load_address>
         <run_address>0xced2</run_address>
         <size>0x4</size>
         <input_file_ref idref="fl-40"/>
      </object_component>
      <object_component id="oc-1b1">
         <name>.text:_nop</name>
         <load_address>0xced6</load_address>
         <run_address>0xced6</run_address>
         <size>0x2</size>
         <input_file_ref idref="fl-5b"/>
      </object_component>
      <object_component id="oc-1e4">
         <name>.common:usb_i2c_context</name>
         <uninitialized>true</uninitialized>
         <run_address>0x1c00</run_address>
         <size>0x24</size>
      </object_component>
      <object_component id="oc-13f">
         <name>.common:io_usb_out</name>
         <uninitialized>true</uninitialized>
         <run_address>0x1c2c</run_address>
         <size>0x2</size>
      </object_component>
      <object_component id="oc-1f0">
         <name>.common:io_usb_in</name>
         <uninitialized>true</uninitialized>
         <run_address>0x1c2a</run_address>
         <size>0x2</size>
      </object_component>
      <object_component id="oc-205">
         <name>.common:i2c_fSCL</name>
         <uninitialized>true</uninitialized>
         <run_address>0x1c28</run_address>
         <size>0x2</size>
      </object_component>
      <object_component id="oc-14c">
         <name>.common:WDT_cps_cnt</name>
         <uninitialized>true</uninitialized>
         <run_address>0x1c26</run_address>
         <size>0x2</size>
      </object_component>
      <object_component id="oc-203">
         <name>.common:USBInCnt</name>
         <uninitialized>true</uninitialized>
         <run_address>0x1c24</run_address>
         <size>0x2</size>
      </object_component>
      <object_component id="oc-148">
         <name>.common:sys_event</name>
         <uninitialized>true</uninitialized>
         <run_address>0x1c32</run_address>
         <size>0x2</size>
      </object_component>
      <object_component id="oc-23b">
         <name>.common:sys_free</name>
         <uninitialized>true</uninitialized>
         <run_address>0x1c34</run_address>
         <size>0x2</size>
      </object_component>
      <object_component id="oc-240">
         <name>.common:sys_base</name>
         <uninitialized>true</uninitialized>
         <run_address>0x1c30</run_address>
         <size>0x2</size>
      </object_component>
      <object_component id="oc-23f">
         <name>.common:memsize</name>
         <uninitialized>true</uninitialized>
         <run_address>0x1c2e</run_address>
         <size>0x2</size>
      </object_component>
      <object_component id="oc-232">
         <name>.data</name>
         <load_address>0x1c3e</load_address>
         <run_address>0x1c3e</run_address>
         <size>0x2</size>
         <input_file_ref idref="fl-51"/>
      </object_component>
      <object_component id="oc-158">
         <name>.data:_lock</name>
         <load_address>0x1c36</load_address>
         <run_address>0x1c36</run_address>
         <size>0x4</size>
         <input_file_ref idref="fl-5b"/>
      </object_component>
      <object_component id="oc-161">
         <name>.data:_unlock</name>
         <load_address>0x1c3a</load_address>
         <run_address>0x1c3a</run_address>
         <size>0x4</size>
         <input_file_ref idref="fl-5b"/>
      </object_component>
      <object_component id="oc-c2">
         <name>.stack</name>
         <uninitialized>true</uninitialized>
         <run_address>0x1f60</run_address>
         <size>0x2</size>
         <input_file_ref idref="fl-3a"/>
      </object_component>
      <object_component id="oc-2a1">
         <name>.stack</name>
         <uninitialized>true</uninitialized>
         <run_address>0x1f60</run_address>
         <size>0x0</size>
      </object_component>
      <object_component id="oc-6f">
         <name>.int31</name>
         <load_address>0xffce</load_address>
         <run_address>0xffce</run_address>
         <size>0x2</size>
         <input_file_ref idref="fl-41"/>
      </object_component>
      <object_component id="oc-70">
         <name>.int36</name>
         <load_address>0xffd8</load_address>
         <run_address>0xffd8</run_address>
         <size>0x2</size>
         <input_file_ref idref="fl-42"/>
      </object_component>
      <object_component id="oc-71">
         <name>.int39</name>
         <load_address>0xffde</load_address>
         <run_address>0xffde</run_address>
         <size>0x2</size>
         <input_file_ref idref="fl-5"/>
      </object_component>
      <object_component id="oc-72">
         <name>.int40</name>
         <load_address>0xffe0</load_address>
         <run_address>0xffe0</run_address>
         <size>0x2</size>
         <input_file_ref idref="fl-43"/>
      </object_component>
      <object_component id="oc-73">
         <name>.int41</name>
         <load_address>0xffe2</load_address>
         <run_address>0xffe2</run_address>
         <size>0x2</size>
         <input_file_ref idref="fl-44"/>
      </object_component>
      <object_component id="oc-74">
         <name>.int42</name>
         <load_address>0xffe4</load_address>
         <run_address>0xffe4</run_address>
         <size>0x2</size>
         <input_file_ref idref="fl-45"/>
      </object_component>
      <object_component id="oc-75">
         <name>.int44</name>
         <load_address>0xffe8</load_address>
         <run_address>0xffe8</run_address>
         <size>0x2</size>
         <input_file_ref idref="fl-46"/>
      </object_component>
      <object_component id="oc-76">
         <name>.int45</name>
         <load_address>0xffea</load_address>
         <run_address>0xffea</run_address>
         <size>0x2</size>
         <input_file_ref idref="fl-47"/>
      </object_component>
      <object_component id="oc-77">
         <name>.int46</name>
         <load_address>0xffec</load_address>
         <run_address>0xffec</run_address>
         <size>0x2</size>
         <input_file_ref idref="fl-48"/>
      </object_component>
      <object_component id="oc-78">
         <name>.int47</name>
         <load_address>0xffee</load_address>
         <run_address>0xffee</run_address>
         <size>0x2</size>
         <input_file_ref idref="fl-49"/>
      </object_component>
      <object_component id="oc-79">
         <name>.int48</name>
         <load_address>0xfff0</load_address>
         <run_address>0xfff0</run_address>
         <size>0x2</size>
         <input_file_ref idref="fl-4a"/>
      </object_component>
      <object_component id="oc-7a">
         <name>.int49</name>
         <load_address>0xfff2</load_address>
         <run_address>0xfff2</run_address>
         <size>0x2</size>
         <input_file_ref idref="fl-5"/>
      </object_component>
      <object_component id="oc-7b">
         <name>.int50</name>
         <load_address>0xfff4</load_address>
         <run_address>0xfff4</run_address>
         <size>0x2</size>
         <input_file_ref idref="fl-4b"/>
      </object_component>
      <object_component id="oc-7c">
         <name>.int51</name>
         <load_address>0xfff6</load_address>
         <run_address>0xfff6</run_address>
         <size>0x2</size>
         <input_file_ref idref="fl-4c"/>
      </object_component>
      <object_component id="oc-7d">
         <name>.int52</name>
         <load_address>0xfff8</load_address>
         <run_address>0xfff8</run_address>
         <size>0x2</size>
         <input_file_ref idref="fl-4d"/>
      </object_component>
      <object_component id="oc-7e">
         <name>.int53</name>
         <load_address>0xfffa</load_address>
         <run_address>0xfffa</run_address>
         <size>0x2</size>
         <input_file_ref idref="fl-4e"/>
      </object_component>
      <object_component id="oc-7f">
         <name>.int54</name>
         <load_address>0xfffc</load_address>
         <run_address>0xfffc</run_address>
         <size>0x2</size>
         <input_file_ref idref="fl-4f"/>
      </object_component>
      <object_component id="oc-c5">
         <name>.reset</name>
         <load_address>0xfffe</load_address>
         <run_address>0xfffe</run_address>
         <size>0x2</size>
         <input_file_ref idref="fl-3a"/>
      </object_component>
      <object_component id="oc-1a0">
         <name>.debug_info</name>
         <load_address>0x0</load_address>
         <run_address>0x0</run_address>
         <size>0x22d</size>
         <input_file_ref idref="fl-2"/>
      </object_component>
      <object_component id="oc-143">
         <name>.debug_info</name>
         <load_address>0x22d</load_address>
         <run_address>0x22d</run_address>
         <size>0x166</size>
         <input_file_ref idref="fl-2"/>
      </object_component>
      <object_component id="oc-16f">
         <name>.debug_info</name>
         <load_address>0x393</load_address>
         <run_address>0x393</run_address>
         <size>0x1ad</size>
         <input_file_ref idref="fl-2"/>
      </object_component>
      <object_component id="oc-1d9">
         <name>.debug_info</name>
         <load_address>0x540</load_address>
         <run_address>0x540</run_address>
         <size>0x14a</size>
         <input_file_ref idref="fl-2"/>
      </object_component>
      <object_component id="oc-20b">
         <name>.debug_info</name>
         <load_address>0x68a</load_address>
         <run_address>0x68a</run_address>
         <size>0x16f</size>
         <input_file_ref idref="fl-2"/>
      </object_component>
      <object_component id="oc-190">
         <name>.debug_info</name>
         <load_address>0x7f9</load_address>
         <run_address>0x7f9</run_address>
         <size>0xc6</size>
         <input_file_ref idref="fl-2"/>
      </object_component>
      <object_component id="oc-1f9">
         <name>.debug_info</name>
         <load_address>0x8bf</load_address>
         <run_address>0x8bf</run_address>
         <size>0x110</size>
         <input_file_ref idref="fl-2"/>
      </object_component>
      <object_component id="oc-12f">
         <name>.debug_info</name>
         <load_address>0x9cf</load_address>
         <run_address>0x9cf</run_address>
         <size>0x84</size>
         <input_file_ref idref="fl-2"/>
      </object_component>
      <object_component id="oc-140">
         <name>.debug_info</name>
         <load_address>0xa53</load_address>
         <run_address>0xa53</run_address>
         <size>0x40f</size>
         <input_file_ref idref="fl-3"/>
      </object_component>
      <object_component id="oc-210">
         <name>.debug_info</name>
         <load_address>0xe62</load_address>
         <run_address>0xe62</run_address>
         <size>0x11c</size>
         <input_file_ref idref="fl-3"/>
      </object_component>
      <object_component id="oc-1d0">
         <name>.debug_info</name>
         <load_address>0xf7e</load_address>
         <run_address>0xf7e</run_address>
         <size>0x142</size>
         <input_file_ref idref="fl-3"/>
      </object_component>
      <object_component id="oc-21e">
         <name>.debug_info</name>
         <load_address>0x10c0</load_address>
         <run_address>0x10c0</run_address>
         <size>0x15e</size>
         <input_file_ref idref="fl-3"/>
      </object_component>
      <object_component id="oc-218">
         <name>.debug_info</name>
         <load_address>0x121e</load_address>
         <run_address>0x121e</run_address>
         <size>0x174</size>
         <input_file_ref idref="fl-3"/>
      </object_component>
      <object_component id="oc-1de">
         <name>.debug_info</name>
         <load_address>0x1392</load_address>
         <run_address>0x1392</run_address>
         <size>0x1cc</size>
         <input_file_ref idref="fl-3"/>
      </object_component>
      <object_component id="oc-1eb">
         <name>.debug_info</name>
         <load_address>0x155e</load_address>
         <run_address>0x155e</run_address>
         <size>0x1bb</size>
         <input_file_ref idref="fl-3"/>
      </object_component>
      <object_component id="oc-17b">
         <name>.debug_info</name>
         <load_address>0x1719</load_address>
         <run_address>0x1719</run_address>
         <size>0x173</size>
         <input_file_ref idref="fl-3"/>
      </object_component>
      <object_component id="oc-175">
         <name>.debug_info</name>
         <load_address>0x188c</load_address>
         <run_address>0x188c</run_address>
         <size>0x154</size>
         <input_file_ref idref="fl-3"/>
      </object_component>
      <object_component id="oc-195">
         <name>.debug_info</name>
         <load_address>0x19e0</load_address>
         <run_address>0x19e0</run_address>
         <size>0x18b</size>
         <input_file_ref idref="fl-3"/>
      </object_component>
      <object_component id="oc-184">
         <name>.debug_info</name>
         <load_address>0x1b6b</load_address>
         <run_address>0x1b6b</run_address>
         <size>0x2c</size>
         <input_file_ref idref="fl-3"/>
      </object_component>
      <object_component id="oc-19a">
         <name>.debug_info</name>
         <load_address>0x1b97</load_address>
         <run_address>0x1b97</run_address>
         <size>0x2c</size>
         <input_file_ref idref="fl-3"/>
      </object_component>
      <object_component id="oc-206">
         <name>.debug_info</name>
         <load_address>0x1bc3</load_address>
         <run_address>0x1bc3</run_address>
         <size>0x27c</size>
         <input_file_ref idref="fl-4"/>
      </object_component>
      <object_component id="oc-149">
         <name>.debug_info</name>
         <load_address>0x1e3f</load_address>
         <run_address>0x1e3f</run_address>
         <size>0x53b</size>
         <input_file_ref idref="fl-5"/>
      </object_component>
      <object_component id="oc-11c">
         <name>.debug_info</name>
         <load_address>0x237a</load_address>
         <run_address>0x237a</run_address>
         <size>0x14a</size>
         <input_file_ref idref="fl-5"/>
      </object_component>
      <object_component id="oc-1cc">
         <name>.debug_info</name>
         <load_address>0x24c4</load_address>
         <run_address>0x24c4</run_address>
         <size>0x105</size>
         <input_file_ref idref="fl-5"/>
      </object_component>
      <object_component id="oc-1c4">
         <name>.debug_info</name>
         <load_address>0x25c9</load_address>
         <run_address>0x25c9</run_address>
         <size>0x109</size>
         <input_file_ref idref="fl-5"/>
      </object_component>
      <object_component id="oc-169">
         <name>.debug_info</name>
         <load_address>0x26d2</load_address>
         <run_address>0x26d2</run_address>
         <size>0x13d</size>
         <input_file_ref idref="fl-5"/>
      </object_component>
      <object_component id="oc-ef">
         <name>.debug_info</name>
         <load_address>0x280f</load_address>
         <run_address>0x280f</run_address>
         <size>0x105</size>
         <input_file_ref idref="fl-5"/>
      </object_component>
      <object_component id="oc-e9">
         <name>.debug_info</name>
         <load_address>0x2914</load_address>
         <run_address>0x2914</run_address>
         <size>0x132</size>
         <input_file_ref idref="fl-5"/>
      </object_component>
      <object_component id="oc-c3">
         <name>.debug_info</name>
         <load_address>0x2a46</load_address>
         <run_address>0x2a46</run_address>
         <size>0xd8</size>
         <input_file_ref idref="fl-3a"/>
      </object_component>
      <object_component id="oc-a1">
         <name>.debug_info</name>
         <load_address>0x2b1e</load_address>
         <run_address>0x2b1e</run_address>
         <size>0x179</size>
         <input_file_ref idref="fl-3b"/>
      </object_component>
      <object_component id="oc-d4">
         <name>.debug_info</name>
         <load_address>0x2c97</load_address>
         <run_address>0x2c97</run_address>
         <size>0x1b2</size>
         <input_file_ref idref="fl-3c"/>
      </object_component>
      <object_component id="oc-67">
         <name>.debug_info</name>
         <load_address>0x2e49</load_address>
         <run_address>0x2e49</run_address>
         <size>0x1ca</size>
         <input_file_ref idref="fl-3c"/>
      </object_component>
      <object_component id="oc-cf">
         <name>.debug_info</name>
         <load_address>0x3013</load_address>
         <run_address>0x3013</run_address>
         <size>0x46</size>
         <input_file_ref idref="fl-3c"/>
      </object_component>
      <object_component id="oc-dc">
         <name>.debug_info</name>
         <load_address>0x3059</load_address>
         <run_address>0x3059</run_address>
         <size>0x1b7</size>
         <input_file_ref idref="fl-3d"/>
      </object_component>
      <object_component id="oc-d9">
         <name>.debug_info</name>
         <load_address>0x3210</load_address>
         <run_address>0x3210</run_address>
         <size>0x2a3</size>
         <input_file_ref idref="fl-3d"/>
      </object_component>
      <object_component id="oc-6d">
         <name>.debug_info</name>
         <load_address>0x34b3</load_address>
         <run_address>0x34b3</run_address>
         <size>0x1a3</size>
         <input_file_ref idref="fl-3d"/>
      </object_component>
      <object_component id="oc-dd">
         <name>.debug_info</name>
         <load_address>0x3656</load_address>
         <run_address>0x3656</run_address>
         <size>0x39</size>
         <input_file_ref idref="fl-3d"/>
      </object_component>
      <object_component id="oc-82">
         <name>.debug_info</name>
         <load_address>0x368f</load_address>
         <run_address>0x368f</run_address>
         <size>0x199</size>
         <input_file_ref idref="fl-3e"/>
      </object_component>
      <object_component id="oc-f4">
         <name>.debug_info</name>
         <load_address>0x3828</load_address>
         <run_address>0x3828</run_address>
         <size>0x46</size>
         <input_file_ref idref="fl-3e"/>
      </object_component>
      <object_component id="oc-ca">
         <name>.debug_info</name>
         <load_address>0x386e</load_address>
         <run_address>0x386e</run_address>
         <size>0xf9</size>
         <input_file_ref idref="fl-3f"/>
      </object_component>
      <object_component id="oc-122">
         <name>.debug_info</name>
         <load_address>0x3967</load_address>
         <run_address>0x3967</run_address>
         <size>0xfa</size>
         <input_file_ref idref="fl-40"/>
      </object_component>
      <object_component id="oc-e3">
         <name>.debug_info</name>
         <load_address>0x3a61</load_address>
         <run_address>0x3a61</run_address>
         <size>0xee</size>
         <input_file_ref idref="fl-50"/>
      </object_component>
      <object_component id="oc-136">
         <name>.debug_info</name>
         <load_address>0x3b4f</load_address>
         <run_address>0x3b4f</run_address>
         <size>0x273</size>
         <input_file_ref idref="fl-51"/>
      </object_component>
      <object_component id="oc-c7">
         <name>.debug_info</name>
         <load_address>0x3dc2</load_address>
         <run_address>0x3dc2</run_address>
         <size>0xe4</size>
         <input_file_ref idref="fl-51"/>
      </object_component>
      <object_component id="oc-233">
         <name>.debug_info</name>
         <load_address>0x3ea6</load_address>
         <run_address>0x3ea6</run_address>
         <size>0xe1</size>
         <input_file_ref idref="fl-51"/>
      </object_component>
      <object_component id="oc-237">
         <name>.debug_info</name>
         <load_address>0x3f87</load_address>
         <run_address>0x3f87</run_address>
         <size>0x113</size>
         <input_file_ref idref="fl-51"/>
      </object_component>
      <object_component id="oc-22b">
         <name>.debug_info</name>
         <load_address>0x409a</load_address>
         <run_address>0x409a</run_address>
         <size>0x1a4</size>
         <input_file_ref idref="fl-51"/>
      </object_component>
      <object_component id="oc-1f2">
         <name>.debug_info</name>
         <load_address>0x423e</load_address>
         <run_address>0x423e</run_address>
         <size>0x2c</size>
         <input_file_ref idref="fl-51"/>
      </object_component>
      <object_component id="oc-189">
         <name>.debug_info</name>
         <load_address>0x426a</load_address>
         <run_address>0x426a</run_address>
         <size>0x6f</size>
         <input_file_ref idref="fl-51"/>
      </object_component>
      <object_component id="oc-fa">
         <name>.debug_info</name>
         <load_address>0x42d9</load_address>
         <run_address>0x42d9</run_address>
         <size>0x12b</size>
         <input_file_ref idref="fl-59"/>
      </object_component>
      <object_component id="oc-1e8">
         <name>.debug_info</name>
         <load_address>0x4404</load_address>
         <run_address>0x4404</run_address>
         <size>0x119</size>
         <input_file_ref idref="fl-5a"/>
      </object_component>
      <object_component id="oc-1b9">
         <name>.debug_info</name>
         <load_address>0x451d</load_address>
         <run_address>0x451d</run_address>
         <size>0x13b</size>
         <input_file_ref idref="fl-5b"/>
      </object_component>
      <object_component id="oc-159">
         <name>.debug_info</name>
         <load_address>0x4658</load_address>
         <run_address>0x4658</run_address>
         <size>0xd7</size>
         <input_file_ref idref="fl-5b"/>
      </object_component>
      <object_component id="oc-162">
         <name>.debug_info</name>
         <load_address>0x472f</load_address>
         <run_address>0x472f</run_address>
         <size>0xdb</size>
         <input_file_ref idref="fl-5b"/>
      </object_component>
      <object_component id="oc-1b3">
         <name>.debug_info</name>
         <load_address>0x480a</load_address>
         <run_address>0x480a</run_address>
         <size>0x106</size>
         <input_file_ref idref="fl-5b"/>
      </object_component>
      <object_component id="oc-150">
         <name>.debug_info</name>
         <load_address>0x4910</load_address>
         <run_address>0x4910</run_address>
         <size>0x31e</size>
         <input_file_ref idref="fl-5d"/>
      </object_component>
      <object_component id="oc-101">
         <name>.debug_info</name>
         <load_address>0x4c2e</load_address>
         <run_address>0x4c2e</run_address>
         <size>0x1de</size>
         <input_file_ref idref="fl-5d"/>
      </object_component>
      <object_component id="oc-1a5">
         <name>.debug_info</name>
         <load_address>0x4e0c</load_address>
         <run_address>0x4e0c</run_address>
         <size>0x39</size>
         <input_file_ref idref="fl-5d"/>
      </object_component>
      <object_component id="oc-151">
         <name>.debug_info</name>
         <load_address>0x4e45</load_address>
         <run_address>0x4e45</run_address>
         <size>0x2c</size>
         <input_file_ref idref="fl-5d"/>
      </object_component>
      <object_component id="oc-2a3">
         <name>.debug_info</name>
         <load_address>0x4e71</load_address>
         <run_address>0x4e71</run_address>
         <size>0xb2</size>
      </object_component>
      <object_component id="oc-1f8">
         <name>.debug_line</name>
         <load_address>0x0</load_address>
         <run_address>0x0</run_address>
         <size>0x63</size>
         <input_file_ref idref="fl-2"/>
      </object_component>
      <object_component id="oc-147">
         <name>.debug_line</name>
         <load_address>0x63</load_address>
         <run_address>0x63</run_address>
         <size>0x5a</size>
         <input_file_ref idref="fl-2"/>
      </object_component>
      <object_component id="oc-173">
         <name>.debug_line</name>
         <load_address>0xbd</load_address>
         <run_address>0xbd</run_address>
         <size>0x8f</size>
         <input_file_ref idref="fl-2"/>
      </object_component>
      <object_component id="oc-1d8">
         <name>.debug_line</name>
         <load_address>0x14c</load_address>
         <run_address>0x14c</run_address>
         <size>0x56</size>
         <input_file_ref idref="fl-2"/>
      </object_component>
      <object_component id="oc-20a">
         <name>.debug_line</name>
         <load_address>0x1a2</load_address>
         <run_address>0x1a2</run_address>
         <size>0x5c</size>
         <input_file_ref idref="fl-2"/>
      </object_component>
      <object_component id="oc-193">
         <name>.debug_line</name>
         <load_address>0x1fe</load_address>
         <run_address>0x1fe</run_address>
         <size>0x31</size>
         <input_file_ref idref="fl-2"/>
      </object_component>
      <object_component id="oc-1fc">
         <name>.debug_line</name>
         <load_address>0x22f</load_address>
         <run_address>0x22f</run_address>
         <size>0x63</size>
         <input_file_ref idref="fl-2"/>
      </object_component>
      <object_component id="oc-132">
         <name>.debug_line</name>
         <load_address>0x292</load_address>
         <run_address>0x292</run_address>
         <size>0x20</size>
         <input_file_ref idref="fl-2"/>
      </object_component>
      <object_component id="oc-18f">
         <name>.debug_line</name>
         <load_address>0x2b2</load_address>
         <run_address>0x2b2</run_address>
         <size>0x100</size>
         <input_file_ref idref="fl-3"/>
      </object_component>
      <object_component id="oc-213">
         <name>.debug_line</name>
         <load_address>0x3b2</load_address>
         <run_address>0x3b2</run_address>
         <size>0x42</size>
         <input_file_ref idref="fl-3"/>
      </object_component>
      <object_component id="oc-1d4">
         <name>.debug_line</name>
         <load_address>0x3f4</load_address>
         <run_address>0x3f4</run_address>
         <size>0x51</size>
         <input_file_ref idref="fl-3"/>
      </object_component>
      <object_component id="oc-221">
         <name>.debug_line</name>
         <load_address>0x445</load_address>
         <run_address>0x445</run_address>
         <size>0x6b</size>
         <input_file_ref idref="fl-3"/>
      </object_component>
      <object_component id="oc-21b">
         <name>.debug_line</name>
         <load_address>0x4b0</load_address>
         <run_address>0x4b0</run_address>
         <size>0x52</size>
         <input_file_ref idref="fl-3"/>
      </object_component>
      <object_component id="oc-1e1">
         <name>.debug_line</name>
         <load_address>0x502</load_address>
         <run_address>0x502</run_address>
         <size>0x60</size>
         <input_file_ref idref="fl-3"/>
      </object_component>
      <object_component id="oc-1ee">
         <name>.debug_line</name>
         <load_address>0x562</load_address>
         <run_address>0x562</run_address>
         <size>0xa2</size>
         <input_file_ref idref="fl-3"/>
      </object_component>
      <object_component id="oc-17e">
         <name>.debug_line</name>
         <load_address>0x604</load_address>
         <run_address>0x604</run_address>
         <size>0x4f</size>
         <input_file_ref idref="fl-3"/>
      </object_component>
      <object_component id="oc-178">
         <name>.debug_line</name>
         <load_address>0x653</load_address>
         <run_address>0x653</run_address>
         <size>0x57</size>
         <input_file_ref idref="fl-3"/>
      </object_component>
      <object_component id="oc-198">
         <name>.debug_line</name>
         <load_address>0x6aa</load_address>
         <run_address>0x6aa</run_address>
         <size>0x63</size>
         <input_file_ref idref="fl-3"/>
      </object_component>
      <object_component id="oc-187">
         <name>.debug_line</name>
         <load_address>0x70d</load_address>
         <run_address>0x70d</run_address>
         <size>0x63</size>
         <input_file_ref idref="fl-3"/>
      </object_component>
      <object_component id="oc-19d">
         <name>.debug_line</name>
         <load_address>0x770</load_address>
         <run_address>0x770</run_address>
         <size>0x63</size>
         <input_file_ref idref="fl-3"/>
      </object_component>
      <object_component id="oc-227">
         <name>.debug_line</name>
         <load_address>0x7d3</load_address>
         <run_address>0x7d3</run_address>
         <size>0xa5</size>
         <input_file_ref idref="fl-4"/>
      </object_component>
      <object_component id="oc-1a2">
         <name>.debug_line</name>
         <load_address>0x878</load_address>
         <run_address>0x878</run_address>
         <size>0xca</size>
         <input_file_ref idref="fl-5"/>
      </object_component>
      <object_component id="oc-11a">
         <name>.debug_line</name>
         <load_address>0x942</load_address>
         <run_address>0x942</run_address>
         <size>0x64</size>
         <input_file_ref idref="fl-5"/>
      </object_component>
      <object_component id="oc-1ca">
         <name>.debug_line</name>
         <load_address>0x9a6</load_address>
         <run_address>0x9a6</run_address>
         <size>0x53</size>
         <input_file_ref idref="fl-5"/>
      </object_component>
      <object_component id="oc-1c8">
         <name>.debug_line</name>
         <load_address>0x9f9</load_address>
         <run_address>0x9f9</run_address>
         <size>0x47</size>
         <input_file_ref idref="fl-5"/>
      </object_component>
      <object_component id="oc-168">
         <name>.debug_line</name>
         <load_address>0xa40</load_address>
         <run_address>0xa40</run_address>
         <size>0x4f</size>
         <input_file_ref idref="fl-5"/>
      </object_component>
      <object_component id="oc-ee">
         <name>.debug_line</name>
         <load_address>0xa8f</load_address>
         <run_address>0xa8f</run_address>
         <size>0x48</size>
         <input_file_ref idref="fl-5"/>
      </object_component>
      <object_component id="oc-e8">
         <name>.debug_line</name>
         <load_address>0xad7</load_address>
         <run_address>0xad7</run_address>
         <size>0x4c</size>
         <input_file_ref idref="fl-5"/>
      </object_component>
      <object_component id="oc-12e">
         <name>.debug_line</name>
         <load_address>0xb23</load_address>
         <run_address>0xb23</run_address>
         <size>0x2a</size>
         <input_file_ref idref="fl-3a"/>
      </object_component>
      <object_component id="oc-a0">
         <name>.debug_line</name>
         <load_address>0xb4d</load_address>
         <run_address>0xb4d</run_address>
         <size>0x4c</size>
         <input_file_ref idref="fl-3b"/>
      </object_component>
      <object_component id="oc-13a">
         <name>.debug_line</name>
         <load_address>0xb99</load_address>
         <run_address>0xb99</run_address>
         <size>0x3a</size>
         <input_file_ref idref="fl-3c"/>
      </object_component>
      <object_component id="oc-65">
         <name>.debug_line</name>
         <load_address>0xbd3</load_address>
         <run_address>0xbd3</run_address>
         <size>0x50</size>
         <input_file_ref idref="fl-3c"/>
      </object_component>
      <object_component id="oc-d2">
         <name>.debug_line</name>
         <load_address>0xc23</load_address>
         <run_address>0xc23</run_address>
         <size>0x3a</size>
         <input_file_ref idref="fl-3c"/>
      </object_component>
      <object_component id="oc-13d">
         <name>.debug_line</name>
         <load_address>0xc5d</load_address>
         <run_address>0xc5d</run_address>
         <size>0x20</size>
         <input_file_ref idref="fl-3d"/>
      </object_component>
      <object_component id="oc-d8">
         <name>.debug_line</name>
         <load_address>0xc7d</load_address>
         <run_address>0xc7d</run_address>
         <size>0x87</size>
         <input_file_ref idref="fl-3d"/>
      </object_component>
      <object_component id="oc-6c">
         <name>.debug_line</name>
         <load_address>0xd04</load_address>
         <run_address>0xd04</run_address>
         <size>0x4c</size>
         <input_file_ref idref="fl-3d"/>
      </object_component>
      <object_component id="oc-e0">
         <name>.debug_line</name>
         <load_address>0xd50</load_address>
         <run_address>0xd50</run_address>
         <size>0x39</size>
         <input_file_ref idref="fl-3d"/>
      </object_component>
      <object_component id="oc-81">
         <name>.debug_line</name>
         <load_address>0xd89</load_address>
         <run_address>0xd89</run_address>
         <size>0x4d</size>
         <input_file_ref idref="fl-3e"/>
      </object_component>
      <object_component id="oc-f7">
         <name>.debug_line</name>
         <load_address>0xdd6</load_address>
         <run_address>0xdd6</run_address>
         <size>0x34</size>
         <input_file_ref idref="fl-3e"/>
      </object_component>
      <object_component id="oc-cd">
         <name>.debug_line</name>
         <load_address>0xe0a</load_address>
         <run_address>0xe0a</run_address>
         <size>0x52</size>
         <input_file_ref idref="fl-3f"/>
      </object_component>
      <object_component id="oc-126">
         <name>.debug_line</name>
         <load_address>0xe5c</load_address>
         <run_address>0xe5c</run_address>
         <size>0x3a</size>
         <input_file_ref idref="fl-40"/>
      </object_component>
      <object_component id="oc-e6">
         <name>.debug_line</name>
         <load_address>0xe96</load_address>
         <run_address>0xe96</run_address>
         <size>0x3c</size>
         <input_file_ref idref="fl-50"/>
      </object_component>
      <object_component id="oc-183">
         <name>.debug_line</name>
         <load_address>0xed2</load_address>
         <run_address>0xed2</run_address>
         <size>0xcf</size>
         <input_file_ref idref="fl-51"/>
      </object_component>
      <object_component id="oc-135">
         <name>.debug_line</name>
         <load_address>0xfa1</load_address>
         <run_address>0xfa1</run_address>
         <size>0x2c</size>
         <input_file_ref idref="fl-51"/>
      </object_component>
      <object_component id="oc-23e">
         <name>.debug_line</name>
         <load_address>0xfcd</load_address>
         <run_address>0xfcd</run_address>
         <size>0x2c</size>
         <input_file_ref idref="fl-51"/>
      </object_component>
      <object_component id="oc-239">
         <name>.debug_line</name>
         <load_address>0xff9</load_address>
         <run_address>0xff9</run_address>
         <size>0x4c</size>
         <input_file_ref idref="fl-51"/>
      </object_component>
      <object_component id="oc-22d">
         <name>.debug_line</name>
         <load_address>0x1045</load_address>
         <run_address>0x1045</run_address>
         <size>0x9e</size>
         <input_file_ref idref="fl-51"/>
      </object_component>
      <object_component id="oc-1f5">
         <name>.debug_line</name>
         <load_address>0x10e3</load_address>
         <run_address>0x10e3</run_address>
         <size>0x72</size>
         <input_file_ref idref="fl-51"/>
      </object_component>
      <object_component id="oc-18c">
         <name>.debug_line</name>
         <load_address>0x1155</load_address>
         <run_address>0x1155</run_address>
         <size>0x2c</size>
         <input_file_ref idref="fl-51"/>
      </object_component>
      <object_component id="oc-fe">
         <name>.debug_line</name>
         <load_address>0x1181</load_address>
         <run_address>0x1181</run_address>
         <size>0x3e</size>
         <input_file_ref idref="fl-59"/>
      </object_component>
      <object_component id="oc-1e6">
         <name>.debug_line</name>
         <load_address>0x11bf</load_address>
         <run_address>0x11bf</run_address>
         <size>0x65</size>
         <input_file_ref idref="fl-5a"/>
      </object_component>
      <object_component id="oc-200">
         <name>.debug_line</name>
         <load_address>0x1224</load_address>
         <run_address>0x1224</run_address>
         <size>0x20</size>
         <input_file_ref idref="fl-5b"/>
      </object_component>
      <object_component id="oc-1b8">
         <name>.debug_line</name>
         <load_address>0x1244</load_address>
         <run_address>0x1244</run_address>
         <size>0x2b</size>
         <input_file_ref idref="fl-5b"/>
      </object_component>
      <object_component id="oc-1c0">
         <name>.debug_line</name>
         <load_address>0x126f</load_address>
         <run_address>0x126f</run_address>
         <size>0x2b</size>
         <input_file_ref idref="fl-5b"/>
      </object_component>
      <object_component id="oc-1b2">
         <name>.debug_line</name>
         <load_address>0x129a</load_address>
         <run_address>0x129a</run_address>
         <size>0x38</size>
         <input_file_ref idref="fl-5b"/>
      </object_component>
      <object_component id="oc-1a4">
         <name>.debug_line</name>
         <load_address>0x12d2</load_address>
         <run_address>0x12d2</run_address>
         <size>0x40</size>
         <input_file_ref idref="fl-5d"/>
      </object_component>
      <object_component id="oc-100">
         <name>.debug_line</name>
         <load_address>0x1312</load_address>
         <run_address>0x1312</run_address>
         <size>0x96</size>
         <input_file_ref idref="fl-5d"/>
      </object_component>
      <object_component id="oc-1a8">
         <name>.debug_line</name>
         <load_address>0x13a8</load_address>
         <run_address>0x13a8</run_address>
         <size>0x2e</size>
         <input_file_ref idref="fl-5d"/>
      </object_component>
      <object_component id="oc-154">
         <name>.debug_line</name>
         <load_address>0x13d6</load_address>
         <run_address>0x13d6</run_address>
         <size>0x72</size>
         <input_file_ref idref="fl-5d"/>
      </object_component>
      <object_component id="oc-146">
         <name>.debug_frame</name>
         <load_address>0x0</load_address>
         <run_address>0x0</run_address>
         <size>0x47</size>
         <input_file_ref idref="fl-2"/>
      </object_component>
      <object_component id="oc-172">
         <name>.debug_frame</name>
         <load_address>0x47</load_address>
         <run_address>0x47</run_address>
         <size>0x57</size>
         <input_file_ref idref="fl-2"/>
      </object_component>
      <object_component id="oc-1dc">
         <name>.debug_frame</name>
         <load_address>0x9e</load_address>
         <run_address>0x9e</run_address>
         <size>0x47</size>
         <input_file_ref idref="fl-2"/>
      </object_component>
      <object_component id="oc-20e">
         <name>.debug_frame</name>
         <load_address>0xe5</load_address>
         <run_address>0xe5</run_address>
         <size>0x53</size>
         <input_file_ref idref="fl-2"/>
      </object_component>
      <object_component id="oc-214">
         <name>.debug_frame</name>
         <load_address>0x138</load_address>
         <run_address>0x138</run_address>
         <size>0x47</size>
         <input_file_ref idref="fl-3"/>
      </object_component>
      <object_component id="oc-1d3">
         <name>.debug_frame</name>
         <load_address>0x17f</load_address>
         <run_address>0x17f</run_address>
         <size>0x47</size>
         <input_file_ref idref="fl-3"/>
      </object_component>
      <object_component id="oc-222">
         <name>.debug_frame</name>
         <load_address>0x1c6</load_address>
         <run_address>0x1c6</run_address>
         <size>0x47</size>
         <input_file_ref idref="fl-3"/>
      </object_component>
      <object_component id="oc-21c">
         <name>.debug_frame</name>
         <load_address>0x20d</load_address>
         <run_address>0x20d</run_address>
         <size>0x47</size>
         <input_file_ref idref="fl-3"/>
      </object_component>
      <object_component id="oc-1e2">
         <name>.debug_frame</name>
         <load_address>0x254</load_address>
         <run_address>0x254</run_address>
         <size>0x53</size>
         <input_file_ref idref="fl-3"/>
      </object_component>
      <object_component id="oc-1ef">
         <name>.debug_frame</name>
         <load_address>0x2a7</load_address>
         <run_address>0x2a7</run_address>
         <size>0x54</size>
         <input_file_ref idref="fl-3"/>
      </object_component>
      <object_component id="oc-17f">
         <name>.debug_frame</name>
         <load_address>0x2fb</load_address>
         <run_address>0x2fb</run_address>
         <size>0x4d</size>
         <input_file_ref idref="fl-3"/>
      </object_component>
      <object_component id="oc-179">
         <name>.debug_frame</name>
         <load_address>0x348</load_address>
         <run_address>0x348</run_address>
         <size>0x56</size>
         <input_file_ref idref="fl-3"/>
      </object_component>
      <object_component id="oc-11b">
         <name>.debug_frame</name>
         <load_address>0x39e</load_address>
         <run_address>0x39e</run_address>
         <size>0x47</size>
         <input_file_ref idref="fl-5"/>
      </object_component>
      <object_component id="oc-1cb">
         <name>.debug_frame</name>
         <load_address>0x3e5</load_address>
         <run_address>0x3e5</run_address>
         <size>0x47</size>
         <input_file_ref idref="fl-5"/>
      </object_component>
      <object_component id="oc-1c7">
         <name>.debug_frame</name>
         <load_address>0x42c</load_address>
         <run_address>0x42c</run_address>
         <size>0x47</size>
         <input_file_ref idref="fl-5"/>
      </object_component>
      <object_component id="oc-16c">
         <name>.debug_frame</name>
         <load_address>0x473</load_address>
         <run_address>0x473</run_address>
         <size>0x47</size>
         <input_file_ref idref="fl-5"/>
      </object_component>
      <object_component id="oc-f2">
         <name>.debug_frame</name>
         <load_address>0x4ba</load_address>
         <run_address>0x4ba</run_address>
         <size>0x47</size>
         <input_file_ref idref="fl-5"/>
      </object_component>
      <object_component id="oc-ec">
         <name>.debug_frame</name>
         <load_address>0x501</load_address>
         <run_address>0x501</run_address>
         <size>0x5c</size>
         <input_file_ref idref="fl-5"/>
      </object_component>
      <object_component id="oc-a3">
         <name>.debug_frame</name>
         <load_address>0x55d</load_address>
         <run_address>0x55d</run_address>
         <size>0x42</size>
         <input_file_ref idref="fl-3b"/>
      </object_component>
      <object_component id="oc-66">
         <name>.debug_frame</name>
         <load_address>0x59f</load_address>
         <run_address>0x59f</run_address>
         <size>0x56</size>
         <input_file_ref idref="fl-3c"/>
      </object_component>
      <object_component id="oc-d7">
         <name>.debug_frame</name>
         <load_address>0x5f5</load_address>
         <run_address>0x5f5</run_address>
         <size>0x83</size>
         <input_file_ref idref="fl-3d"/>
      </object_component>
      <object_component id="oc-6b">
         <name>.debug_frame</name>
         <load_address>0x678</load_address>
         <run_address>0x678</run_address>
         <size>0x4d</size>
         <input_file_ref idref="fl-3d"/>
      </object_component>
      <object_component id="oc-85">
         <name>.debug_frame</name>
         <load_address>0x6c5</load_address>
         <run_address>0x6c5</run_address>
         <size>0x50</size>
         <input_file_ref idref="fl-3e"/>
      </object_component>
      <object_component id="oc-125">
         <name>.debug_frame</name>
         <load_address>0x715</load_address>
         <run_address>0x715</run_address>
         <size>0x47</size>
         <input_file_ref idref="fl-40"/>
      </object_component>
      <object_component id="oc-23a">
         <name>.debug_frame</name>
         <load_address>0x75c</load_address>
         <run_address>0x75c</run_address>
         <size>0x47</size>
         <input_file_ref idref="fl-51"/>
      </object_component>
      <object_component id="oc-22a">
         <name>.debug_frame</name>
         <load_address>0x7a3</load_address>
         <run_address>0x7a3</run_address>
         <size>0x54</size>
         <input_file_ref idref="fl-51"/>
      </object_component>
      <object_component id="oc-fd">
         <name>.debug_frame</name>
         <load_address>0x7f7</load_address>
         <run_address>0x7f7</run_address>
         <size>0x47</size>
         <input_file_ref idref="fl-59"/>
      </object_component>
      <object_component id="oc-1b6">
         <name>.debug_frame</name>
         <load_address>0x83e</load_address>
         <run_address>0x83e</run_address>
         <size>0x47</size>
         <input_file_ref idref="fl-5b"/>
      </object_component>
      <object_component id="oc-104">
         <name>.debug_frame</name>
         <load_address>0x885</load_address>
         <run_address>0x885</run_address>
         <size>0x59</size>
         <input_file_ref idref="fl-5d"/>
      </object_component>
      <object_component id="oc-1f7">
         <name>.debug_abbrev</name>
         <load_address>0x0</load_address>
         <run_address>0x0</run_address>
         <size>0x93</size>
         <input_file_ref idref="fl-2"/>
      </object_component>
      <object_component id="oc-19f">
         <name>.debug_abbrev</name>
         <load_address>0x93</load_address>
         <run_address>0x93</run_address>
         <size>0x7d</size>
         <input_file_ref idref="fl-2"/>
      </object_component>
      <object_component id="oc-1d6">
         <name>.debug_abbrev</name>
         <load_address>0x110</load_address>
         <run_address>0x110</run_address>
         <size>0x7d</size>
         <input_file_ref idref="fl-2"/>
      </object_component>
      <object_component id="oc-216">
         <name>.debug_abbrev</name>
         <load_address>0x18d</load_address>
         <run_address>0x18d</run_address>
         <size>0x6e</size>
         <input_file_ref idref="fl-2"/>
      </object_component>
      <object_component id="oc-22e">
         <name>.debug_abbrev</name>
         <load_address>0x1fb</load_address>
         <run_address>0x1fb</run_address>
         <size>0x7c</size>
         <input_file_ref idref="fl-2"/>
      </object_component>
      <object_component id="oc-192">
         <name>.debug_abbrev</name>
         <load_address>0x277</load_address>
         <run_address>0x277</run_address>
         <size>0x63</size>
         <input_file_ref idref="fl-2"/>
      </object_component>
      <object_component id="oc-1fb">
         <name>.debug_abbrev</name>
         <load_address>0x2da</load_address>
         <run_address>0x2da</run_address>
         <size>0x5a</size>
         <input_file_ref idref="fl-2"/>
      </object_component>
      <object_component id="oc-131">
         <name>.debug_abbrev</name>
         <load_address>0x334</load_address>
         <run_address>0x334</run_address>
         <size>0x1f</size>
         <input_file_ref idref="fl-2"/>
      </object_component>
      <object_component id="oc-18e">
         <name>.debug_abbrev</name>
         <load_address>0x353</load_address>
         <run_address>0x353</run_address>
         <size>0xfe</size>
         <input_file_ref idref="fl-3"/>
      </object_component>
      <object_component id="oc-22f">
         <name>.debug_abbrev</name>
         <load_address>0x451</load_address>
         <run_address>0x451</run_address>
         <size>0x50</size>
         <input_file_ref idref="fl-3"/>
      </object_component>
      <object_component id="oc-215">
         <name>.debug_abbrev</name>
         <load_address>0x4a1</load_address>
         <run_address>0x4a1</run_address>
         <size>0x60</size>
         <input_file_ref idref="fl-3"/>
      </object_component>
      <object_component id="oc-231">
         <name>.debug_abbrev</name>
         <load_address>0x501</load_address>
         <run_address>0x501</run_address>
         <size>0x6e</size>
         <input_file_ref idref="fl-3"/>
      </object_component>
      <object_component id="oc-230">
         <name>.debug_abbrev</name>
         <load_address>0x56f</load_address>
         <run_address>0x56f</run_address>
         <size>0x7c</size>
         <input_file_ref idref="fl-3"/>
      </object_component>
      <object_component id="oc-223">
         <name>.debug_abbrev</name>
         <load_address>0x5eb</load_address>
         <run_address>0x5eb</run_address>
         <size>0x7a</size>
         <input_file_ref idref="fl-3"/>
      </object_component>
      <object_component id="oc-225">
         <name>.debug_abbrev</name>
         <load_address>0x665</load_address>
         <run_address>0x665</run_address>
         <size>0x7c</size>
         <input_file_ref idref="fl-3"/>
      </object_component>
      <object_component id="oc-1f1">
         <name>.debug_abbrev</name>
         <load_address>0x6e1</load_address>
         <run_address>0x6e1</run_address>
         <size>0x6c</size>
         <input_file_ref idref="fl-3"/>
      </object_component>
      <object_component id="oc-1e3">
         <name>.debug_abbrev</name>
         <load_address>0x74d</load_address>
         <run_address>0x74d</run_address>
         <size>0x6c</size>
         <input_file_ref idref="fl-3"/>
      </object_component>
      <object_component id="oc-197">
         <name>.debug_abbrev</name>
         <load_address>0x7b9</load_address>
         <run_address>0x7b9</run_address>
         <size>0x35</size>
         <input_file_ref idref="fl-3"/>
      </object_component>
      <object_component id="oc-186">
         <name>.debug_abbrev</name>
         <load_address>0x7ee</load_address>
         <run_address>0x7ee</run_address>
         <size>0x24</size>
         <input_file_ref idref="fl-3"/>
      </object_component>
      <object_component id="oc-19c">
         <name>.debug_abbrev</name>
         <load_address>0x812</load_address>
         <run_address>0x812</run_address>
         <size>0x24</size>
         <input_file_ref idref="fl-3"/>
      </object_component>
      <object_component id="oc-226">
         <name>.debug_abbrev</name>
         <load_address>0x836</load_address>
         <run_address>0x836</run_address>
         <size>0xa2</size>
         <input_file_ref idref="fl-4"/>
      </object_component>
      <object_component id="oc-1a1">
         <name>.debug_abbrev</name>
         <load_address>0x8d8</load_address>
         <run_address>0x8d8</run_address>
         <size>0x115</size>
         <input_file_ref idref="fl-5"/>
      </object_component>
      <object_component id="oc-180">
         <name>.debug_abbrev</name>
         <load_address>0x9ed</load_address>
         <run_address>0x9ed</run_address>
         <size>0x54</size>
         <input_file_ref idref="fl-5"/>
      </object_component>
      <object_component id="oc-208">
         <name>.debug_abbrev</name>
         <load_address>0xa41</load_address>
         <run_address>0xa41</run_address>
         <size>0x4e</size>
         <input_file_ref idref="fl-5"/>
      </object_component>
      <object_component id="oc-204">
         <name>.debug_abbrev</name>
         <load_address>0xa8f</load_address>
         <run_address>0xa8f</run_address>
         <size>0x50</size>
         <input_file_ref idref="fl-5"/>
      </object_component>
      <object_component id="oc-1d5">
         <name>.debug_abbrev</name>
         <load_address>0xadf</load_address>
         <run_address>0xadf</run_address>
         <size>0x5e</size>
         <input_file_ref idref="fl-5"/>
      </object_component>
      <object_component id="oc-14d">
         <name>.debug_abbrev</name>
         <load_address>0xb3d</load_address>
         <run_address>0xb3d</run_address>
         <size>0x53</size>
         <input_file_ref idref="fl-5"/>
      </object_component>
      <object_component id="oc-14b">
         <name>.debug_abbrev</name>
         <load_address>0xb90</load_address>
         <run_address>0xb90</run_address>
         <size>0x61</size>
         <input_file_ref idref="fl-5"/>
      </object_component>
      <object_component id="oc-12d">
         <name>.debug_abbrev</name>
         <load_address>0xbf1</load_address>
         <run_address>0xbf1</run_address>
         <size>0x29</size>
         <input_file_ref idref="fl-3a"/>
      </object_component>
      <object_component id="oc-127">
         <name>.debug_abbrev</name>
         <load_address>0xc1a</load_address>
         <run_address>0xc1a</run_address>
         <size>0x58</size>
         <input_file_ref idref="fl-3b"/>
      </object_component>
      <object_component id="oc-139">
         <name>.debug_abbrev</name>
         <load_address>0xc72</load_address>
         <run_address>0xc72</run_address>
         <size>0x54</size>
         <input_file_ref idref="fl-3c"/>
      </object_component>
      <object_component id="oc-ce">
         <name>.debug_abbrev</name>
         <load_address>0xcc6</load_address>
         <run_address>0xcc6</run_address>
         <size>0x7d</size>
         <input_file_ref idref="fl-3c"/>
      </object_component>
      <object_component id="oc-d1">
         <name>.debug_abbrev</name>
         <load_address>0xd43</load_address>
         <run_address>0xd43</run_address>
         <size>0x24</size>
         <input_file_ref idref="fl-3c"/>
      </object_component>
      <object_component id="oc-13c">
         <name>.debug_abbrev</name>
         <load_address>0xd67</load_address>
         <run_address>0xd67</run_address>
         <size>0x4e</size>
         <input_file_ref idref="fl-3d"/>
      </object_component>
      <object_component id="oc-13b">
         <name>.debug_abbrev</name>
         <load_address>0xdb5</load_address>
         <run_address>0xdb5</run_address>
         <size>0x89</size>
         <input_file_ref idref="fl-3d"/>
      </object_component>
      <object_component id="oc-db">
         <name>.debug_abbrev</name>
         <load_address>0xe3e</load_address>
         <run_address>0xe3e</run_address>
         <size>0x6f</size>
         <input_file_ref idref="fl-3d"/>
      </object_component>
      <object_component id="oc-df">
         <name>.debug_abbrev</name>
         <load_address>0xead</load_address>
         <run_address>0xead</run_address>
         <size>0x24</size>
         <input_file_ref idref="fl-3d"/>
      </object_component>
      <object_component id="oc-f3">
         <name>.debug_abbrev</name>
         <load_address>0xed1</load_address>
         <run_address>0xed1</run_address>
         <size>0x6f</size>
         <input_file_ref idref="fl-3e"/>
      </object_component>
      <object_component id="oc-f6">
         <name>.debug_abbrev</name>
         <load_address>0xf40</load_address>
         <run_address>0xf40</run_address>
         <size>0x24</size>
         <input_file_ref idref="fl-3e"/>
      </object_component>
      <object_component id="oc-138">
         <name>.debug_abbrev</name>
         <load_address>0xf64</load_address>
         <run_address>0xf64</run_address>
         <size>0x36</size>
         <input_file_ref idref="fl-3f"/>
      </object_component>
      <object_component id="oc-181">
         <name>.debug_abbrev</name>
         <load_address>0xf9a</load_address>
         <run_address>0xf9a</run_address>
         <size>0x45</size>
         <input_file_ref idref="fl-40"/>
      </object_component>
      <object_component id="oc-13e">
         <name>.debug_abbrev</name>
         <load_address>0xfdf</load_address>
         <run_address>0xfdf</run_address>
         <size>0x28</size>
         <input_file_ref idref="fl-50"/>
      </object_component>
      <object_component id="oc-182">
         <name>.debug_abbrev</name>
         <load_address>0x1007</load_address>
         <run_address>0x1007</run_address>
         <size>0xe5</size>
         <input_file_ref idref="fl-51"/>
      </object_component>
      <object_component id="oc-134">
         <name>.debug_abbrev</name>
         <load_address>0x10ec</load_address>
         <run_address>0x10ec</run_address>
         <size>0x29</size>
         <input_file_ref idref="fl-51"/>
      </object_component>
      <object_component id="oc-23d">
         <name>.debug_abbrev</name>
         <load_address>0x1115</load_address>
         <run_address>0x1115</run_address>
         <size>0x27</size>
         <input_file_ref idref="fl-51"/>
      </object_component>
      <object_component id="oc-241">
         <name>.debug_abbrev</name>
         <load_address>0x113c</load_address>
         <run_address>0x113c</run_address>
         <size>0x65</size>
         <input_file_ref idref="fl-51"/>
      </object_component>
      <object_component id="oc-23c">
         <name>.debug_abbrev</name>
         <load_address>0x11a1</load_address>
         <run_address>0x11a1</run_address>
         <size>0x8e</size>
         <input_file_ref idref="fl-51"/>
      </object_component>
      <object_component id="oc-1f4">
         <name>.debug_abbrev</name>
         <load_address>0x122f</load_address>
         <run_address>0x122f</run_address>
         <size>0x24</size>
         <input_file_ref idref="fl-51"/>
      </object_component>
      <object_component id="oc-18b">
         <name>.debug_abbrev</name>
         <load_address>0x1253</load_address>
         <run_address>0x1253</run_address>
         <size>0x72</size>
         <input_file_ref idref="fl-51"/>
      </object_component>
      <object_component id="oc-14e">
         <name>.debug_abbrev</name>
         <load_address>0x12c5</load_address>
         <run_address>0x12c5</run_address>
         <size>0x55</size>
         <input_file_ref idref="fl-59"/>
      </object_component>
      <object_component id="oc-224">
         <name>.debug_abbrev</name>
         <load_address>0x131a</load_address>
         <run_address>0x131a</run_address>
         <size>0x55</size>
         <input_file_ref idref="fl-5a"/>
      </object_component>
      <object_component id="oc-1ff">
         <name>.debug_abbrev</name>
         <load_address>0x136f</load_address>
         <run_address>0x136f</run_address>
         <size>0x35</size>
         <input_file_ref idref="fl-5b"/>
      </object_component>
      <object_component id="oc-1b7">
         <name>.debug_abbrev</name>
         <load_address>0x13a4</load_address>
         <run_address>0x13a4</run_address>
         <size>0x29</size>
         <input_file_ref idref="fl-5b"/>
      </object_component>
      <object_component id="oc-1bf">
         <name>.debug_abbrev</name>
         <load_address>0x13cd</load_address>
         <run_address>0x13cd</run_address>
         <size>0x29</size>
         <input_file_ref idref="fl-5b"/>
      </object_component>
      <object_component id="oc-1fe">
         <name>.debug_abbrev</name>
         <load_address>0x13f6</load_address>
         <run_address>0x13f6</run_address>
         <size>0x53</size>
         <input_file_ref idref="fl-5b"/>
      </object_component>
      <object_component id="oc-1a3">
         <name>.debug_abbrev</name>
         <load_address>0x1449</load_address>
         <run_address>0x1449</run_address>
         <size>0x94</size>
         <input_file_ref idref="fl-5d"/>
      </object_component>
      <object_component id="oc-14f">
         <name>.debug_abbrev</name>
         <load_address>0x14dd</load_address>
         <run_address>0x14dd</run_address>
         <size>0x70</size>
         <input_file_ref idref="fl-5d"/>
      </object_component>
      <object_component id="oc-1a7">
         <name>.debug_abbrev</name>
         <load_address>0x154d</load_address>
         <run_address>0x154d</run_address>
         <size>0x24</size>
         <input_file_ref idref="fl-5d"/>
      </object_component>
      <object_component id="oc-153">
         <name>.debug_abbrev</name>
         <load_address>0x1571</load_address>
         <run_address>0x1571</run_address>
         <size>0x24</size>
         <input_file_ref idref="fl-5d"/>
      </object_component>
      <object_component id="oc-2a4">
         <name>.debug_abbrev</name>
         <load_address>0x1595</load_address>
         <run_address>0x1595</run_address>
         <size>0xf</size>
      </object_component>
      <object_component id="oc-194">
         <name>.debug_str</name>
         <load_address>0x0</load_address>
         <run_address>0x0</run_address>
         <size>0xf6</size>
[...]
      <symbol id="sm-181">
         <name>TB0CCTL1</name>
         <value>0x3c4</value>
      </symbol>
      <symbol id="sm-182">
         <name>TB0CCTL2</name>
         <value>0x3c6</value>
      </symbol>
      <symbol id="sm-183">
         <name>TB0R</name>
         <value>0x3d0</value>
      </symbol>
      <symbol id="sm-184">
         <name>TB0CCR0</name>
         <value>0x3d2</value>
      </symbol>
      <symbol id="sm-185">
         <name>TB0CCR1</name>
         <value>0x3d4</value>
      </symbol>
      <symbol id="sm-186">
         <name>TB0CCR2</name>
         <value>0x3d6</value>
      </symbol>
      <symbol id="sm-187">
         <name>TB0EX0</name>
         <value>0x3e0</value>
      </symbol>
      <symbol id="sm-188">
         <name>TB0IV</name>
         <value>0x3ee</value>
      </symbol>
      <symbol id="sm-189">
         <name>UCA0CTLW0</name>
         <value>0x5c0</value>
      </symbol>
      <symbol id="sm-18a">
         <name>UCA0CTLW0_L</name>
         <value>0x5c0</value>
      </symbol>
      <symbol id="sm-18b">
         <name>UCA0CTLW0_H</name>
         <value>0x5c1</value>
      </symbol>
      <symbol id="sm-18c">
         <name>UCA0CTLW1</name>
         <value>0x5c2</value>
      </symbol>
      <symbol id="sm-18d">
         <name>UCA0CTLW1_L</name>
         <value>0x5c2</value>
      </symbol>
      <symbol id="sm-18e">
         <name>UCA0CTLW1_H</name>
         <value>0x5c3</value>
      </symbol>
      <symbol id="sm-18f">
         <name>UCA0BRW</name>
         <value>0x5c6</value>
      </symbol>
      <symbol id="sm-190">
         <name>UCA0BRW_L</name>
         <value>0x5c6</value>
      </symbol>
      <symbol id="sm-191">
         <name>UCA0BRW_H</name>
         <value>0x5c7</value>
      </symbol>
      <symbol id="sm-192">
         <name>UCA0MCTLW</name>
         <value>0x5c8</value>
      </symbol>
      <symbol id="sm-193">
         <name>UCA0MCTLW_L</name>
         <value>0x5c8</value>
      </symbol>
      <symbol id="sm-194">
         <name>UCA0MCTLW_H</name>
         <value>0x5c9</value>
      </symbol>
      <symbol id="sm-195">
         <name>UCA0STATW</name>
         <value>0x5ca</value>
      </symbol>
      <symbol id="sm-196">
         <name>UCA0RXBUF</name>
         <value>0x5cc</value>
      </symbol>
      <symbol id="sm-197">
         <name>UCA0RXBUF_L</name>
         <value>0x5cc</value>
      </symbol>
      <symbol id="sm-198">
         <name>UCA0RXBUF_H</name>
         <value>0x5cd</value>
      </symbol>
      <symbol id="sm-199">
         <name>UCA0TXBUF</name>
         <value>0x5ce</value>
      </symbol>
      <symbol id="sm-19a">
         <name>UCA0TXBUF_L</name>
         <value>0x5ce</value>
      </symbol>
      <symbol id="sm-19b">
         <name>UCA0TXBUF_H</name>
         <value>0x5cf</value>
      </symbol>
      <symbol id="sm-19c">
         <name>UCA0ABCTL</name>
         <value>0x5d0</value>
      </symbol>
      <symbol id="sm-19d">
         <name>UCA0IRCTL</name>
         <value>0x5d2</value>
      </symbol>
      <symbol id="sm-19e">
         <name>UCA0IRCTL_L</name>
         <value>0x5d2</value>
      </symbol>
      <symbol id="sm-19f">
         <name>UCA0IRCTL_H</name>
         <value>0x5d3</value>
      </symbol>
      <symbol id="sm-1a0">
         <name>UCA0IE</name>
         <value>0x5da</value>
      </symbol>
      <symbol id="sm-1a1">
         <name>UCA0IE_L</name>
         <value>0x5da</value>
      </symbol>
      <symbol id="sm-1a2">
         <name>UCA0IE_H</name>
         <value>0x5db</value>
      </symbol>
      <symbol id="sm-1a3">
         <name>UCA0IFG</name>
         <value>0x5dc</value>
      </symbol>
      <symbol id="sm-1a4">
         <name>UCA0IFG_L</name>
         <value>0x5dc</value>
      </symbol>
      <symbol id="sm-1a5">
         <name>UCA0IFG_H</name>
         <value>0x5dd</value>
      </symbol>
      <symbol id="sm-1a6">
         <name>UCA0IV</name>
         <value>0x5de</value>
      </symbol>
      <symbol id="sm-1a7">
         <name>UCB0CTLW0</name>
         <value>0x640</value>
      </symbol>
      <symbol id="sm-1a8">
         <name>UCB0CTLW0_L</name>
         <value>0x640</value>
      </symbol>
      <symbol id="sm-1a9">
         <name>UCB0CTLW0_H</name>
         <value>0x641</value>
      </symbol>
      <symbol id="sm-1aa">
         <name>UCB0CTLW1</name>
         <value>0x642</value>
      </symbol>
      <symbol id="sm-1ab">
         <name>UCB0CTLW1_L</name>
         <value>0x642</value>
      </symbol>
      <symbol id="sm-1ac">
         <name>UCB0CTLW1_H</name>
         <value>0x643</value>
      </symbol>
      <symbol id="sm-1ad">
         <name>UCB0BRW</name>
         <value>0x646</value>
      </symbol>
      <symbol id="sm-1ae">
         <name>UCB0BRW_L</name>
         <value>0x646</value>
      </symbol>
      <symbol id="sm-1af">
         <name>UCB0BRW_H</name>
         <value>0x647</value>
      </symbol>
      <symbol id="sm-1b0">
         <name>UCB0STATW</name>
         <value>0x648</value>
      </symbol>
      <symbol id="sm-1b1">
         <name>UCB0STATW_L</name>
         <value>0x648</value>
      </symbol>
      <symbol id="sm-1b2">
         <name>UCB0STATW_H</name>
         <value>0x649</value>
      </symbol>
      <symbol id="sm-1b3">
         <name>UCB0TBCNT</name>
         <value>0x64a</value>
      </symbol>
      <symbol id="sm-1b4">
         <name>UCB0TBCNT_L</name>
         <value>0x64a</value>
      </symbol>
      <symbol id="sm-1b5">
         <name>UCB0TBCNT_H</name>
         <value>0x64b</value>
      </symbol>
      <symbol id="sm-1b6">
         <name>UCB0RXBUF</name>
         <value>0x64c</value>
      </symbol>
      <symbol id="sm-1b7">
         <name>UCB0RXBUF_L</name>
         <value>0x64c</value>
      </symbol>
      <symbol id="sm-1b8">
         <name>UCB0RXBUF_H</name>
         <value>0x64d</value>
      </symbol>
      <symbol id="sm-1b9">
         <name>UCB0TXBUF</name>
         <value>0x64e</value>
      </symbol>
      <symbol id="sm-1ba">
         <name>UCB0TXBUF_L</name>
         <value>0x64e</value>
      </symbol>
      <symbol id="sm-1bb">
         <name>UCB0TXBUF_H</name>
         <value>0x64f</value>
      </symbol>
      <symbol id="sm-1bc">
         <name>UCB0I2COA0</name>
         <value>0x654</value>
      </symbol>
      <symbol id="sm-1bd">
         <name>UCB0I2COA0_L</name>
         <value>0x654</value>
      </symbol>
      <symbol id="sm-1be">
         <name>UCB0I2COA0_H</name>
         <value>0x655</value>
      </symbol>
      <symbol id="sm-1bf">
         <name>UCB0I2COA1</name>
         <value>0x656</value>
      </symbol>
      <symbol id="sm-1c0">
         <name>UCB0I2COA1_L</name>
         <value>0x656</value>
      </symbol>
      <symbol id="sm-1c1">
         <name>UCB0I2COA1_H</name>
         <value>0x657</value>
      </symbol>
      <symbol id="sm-1c2">
         <name>UCB0I2COA2</name>
         <value>0x658</value>
      </symbol>
      <symbol id="sm-1c3">
         <name>UCB0I2COA2_L</name>
         <value>0x658</value>
      </symbol>
      <symbol id="sm-1c4">
         <name>UCB0I2COA2_H</name>
         <value>0x659</value>
      </symbol>
      <symbol id="sm-1c5">
         <name>UCB0I2COA3</name>
         <value>0x65a</value>
      </symbol>
      <symbol id="sm-1c6">
         <name>UCB0I2COA3_L</name>
         <value>0x65a</value>
      </symbol>
      <symbol id="sm-1c7">
         <name>UCB0I2COA3_H</name>
         <value>0x65b</value>
      </symbol>
      <symbol id="sm-1c8">
         <name>UCB0ADDRX</name>
         <value>0x65c</value>
      </symbol>
      <symbol id="sm-1c9">
         <name>UCB0ADDRX_L</name>
         <value>0x65c</value>
      </symbol>
      <symbol id="sm-1ca">
         <name>UCB0ADDRX_H</name>
         <value>0x65d</value>
      </symbol>
      <symbol id="sm-1cb">
         <name>UCB0ADDMASK</name>
         <value>0x65e</value>
      </symbol>
      <symbol id="sm-1cc">
         <name>UCB0ADDMASK_L</name>
         <value>0x65e</value>
      </symbol>
      <symbol id="sm-1cd">
         <name>UCB0ADDMASK_H</name>
         <value>0x65f</value>
      </symbol>
      <symbol id="sm-1ce">
         <name>UCB0I2CSA</name>
         <value>0x660</value>
      </symbol>
      <symbol id="sm-1cf">
         <name>UCB0I2CSA_L</name>
         <value>0x660</value>
      </symbol>
      <symbol id="sm-1d0">
         <name>UCB0I2CSA_H</name>
         <value>0x661</value>
      </symbol>
      <symbol id="sm-1d1">
         <name>UCB0IE</name>
         <value>0x66a</value>
      </symbol>
      <symbol id="sm-1d2">
         <name>UCB0IE_L</name>
         <value>0x66a</value>
      </symbol>
      <symbol id="sm-1d3">
         <name>UCB0IE_H</name>
         <value>0x66b</value>
      </symbol>
      <symbol id="sm-1d4">
         <name>UCB0IFG</name>
         <value>0x66c</value>
      </symbol>
      <symbol id="sm-1d5">
         <name>UCB0IFG_L</name>
         <value>0x66c</value>
      </symbol>
      <symbol id="sm-1d6">
         <name>UCB0IFG_H</name>
         <value>0x66d</value>
      </symbol>
      <symbol id="sm-1d7">
         <name>UCB0IV</name>
         <value>0x66e</value>
      </symbol>
      <symbol id="sm-1d8">
         <name>WDTCTL</name>
         <value>0x15c</value>
      </symbol>
      <symbol id="sm-1d9">
         <name>WDTCTL_L</name>
         <value>0x15c</value>
      </symbol>
      <symbol id="sm-1da">
         <name>WDTCTL_H</name>
         <value>0x15d</value>
      </symbol>
      <symbol id="sm-1db">
         <name>fram_rw_start</name>
         <value>0xc200</value>
      </symbol>
      <symbol id="sm-1dc">
         <name>fram_ro_start</name>
         <value>0xc400</value>
      </symbol>
      <symbol id="sm-1dd">
         <name>fram_rx_start</name>
         <value>0xc600</value>
      </symbol>
      <symbol id="sm-1de">
         <name>__TI_CINIT_Base</name>
         <value>0xc424</value>
      </symbol>
      <symbol id="sm-1df">
         <name>__TI_CINIT_Limit</name>
         <value>0xc434</value>
      </symbol>
      <symbol id="sm-1e0">
         <name>__TI_Handler_Table_Base</name>
         <value>0xc412</value>
      </symbol>
      <symbol id="sm-1e1">
         <name>__TI_Handler_Table_Limit</name>
         <value>0xc41e</value>
      </symbol>
      <symbol id="sm-1e2">
         <name>binit</name>
         <value>0xffffffff</value>
      </symbol>
      <symbol id="sm-1e3">
         <name>__binit__</name>
         <value>0xffffffff</value>
      </symbol>
      <symbol id="sm-1e4">
         <name>__STACK_SIZE</name>
         <value>0xa0</value>
      </symbol>
      <symbol id="sm-1e5">
         <name>__STACK_END</name>
         <value>0x2000</value>
      </symbol>
      <symbol id="sm-1e6">
         <name>__SYSMEM_SIZE</name>
         <value>0xa0</value>
      </symbol>
      <symbol id="sm-1e7">
         <name>__c_args__</name>
         <value>0xffffffff</value>
      </symbol>
      <symbol id="sm-285">
         <name>IObuffer_create</name>
         <value>0xcb96</value>
         <object_component_ref idref="oc-209"/>
      </symbol>
      <symbol id="sm-286">
         <name>IOputs</name>
         <value>0xc600</value>
         <object_component_ref idref="oc-16e"/>
      </symbol>
      <symbol id="sm-287">
         <name>IOputc</name>
         <value>0xcaf2</value>
         <object_component_ref idref="oc-142"/>
      </symbol>
      <symbol id="sm-288">
         <name>IOgetc</name>
         <value>0xcd2c</value>
         <object_component_ref idref="oc-1d7"/>
      </symbol>
      <symbol id="sm-2f4">
         <name>usb_i2c_context</name>
         <value>0x1c00</value>
      </symbol>
      <symbol id="sm-2f5">
         <name>io_usb_out</name>
         <value>0x1c2c</value>
      </symbol>
      <symbol id="sm-2f6">
         <name>io_usb_in</name>
         <value>0x1c2a</value>
      </symbol>
      <symbol id="sm-2f7">
         <name>ft201x_i2c_read</name>
         <value>0xc858</value>
         <object_component_ref idref="oc-1ea"/>
      </symbol>
      <symbol id="sm-2f8">
         <name>USB_Out_callback</name>
         <value>0xcec2</value>
         <object_component_ref idref="oc-20f"/>
      </symbol>
      <symbol id="sm-2f9">
         <name>USBInEvent</name>
         <value>0xcd68</value>
         <object_component_ref idref="oc-17a"/>
      </symbol>
      <symbol id="sm-2fa">
         <name>ft201x_i2c_out8bits</name>
         <value>0xca3c</value>
         <object_component_ref idref="oc-21d"/>
      </symbol>
      <symbol id="sm-2fb">
         <name>ft201x_i2c_start_address</name>
         <value>0xce18</value>
         <object_component_ref idref="oc-217"/>
      </symbol>
      <symbol id="sm-2fc">
         <name>ft201x_i2c_write</name>
         <value>0xcb48</value>
         <object_component_ref idref="oc-1dd"/>
      </symbol>
      <symbol id="sm-2fd">
         <name>ft201x_init</name>
         <value>0xca98</value>
         <object_component_ref idref="oc-1cf"/>
      </symbol>
      <symbol id="sm-2fe">
         <name>USBOutEvent</name>
         <value>0xcc26</value>
         <object_component_ref idref="oc-174"/>
      </symbol>
      <symbol id="sm-304">
         <name>i2c_fSCL</name>
         <value>0x1c28</value>
      </symbol>
      <symbol id="sm-344">
         <name>sys_event</name>
         <value>0x1c32</value>
      </symbol>
      <symbol id="sm-345">
         <name>WDT_ISR</name>
         <value>0xce9e</value>
         <object_component_ref idref="oc-ed"/>
      </symbol>
      <symbol id="sm-346">
         <name>__TI_int39</name>
         <value>0xffde</value>
         <object_component_ref idref="oc-71"/>
      </symbol>
      <symbol id="sm-347">
         <name>__TI_int49</name>
         <value>0xfff2</value>
         <object_component_ref idref="oc-7a"/>
      </symbol>
      <symbol id="sm-348">
         <name>main</name>
         <value>0xc97c</value>
         <object_component_ref idref="oc-119"/>
      </symbol>
      <symbol id="sm-349">
         <name>Port_1_ISR</name>
         <value>0xcc6a</value>
         <object_component_ref idref="oc-e7"/>
      </symbol>
      <symbol id="sm-352">
         <name>_stack</name>
         <value>0x1f60</value>
         <object_component_ref idref="oc-c2"/>
      </symbol>
      <symbol id="sm-353">
         <name>_reset_vector</name>
         <value>0xfffe</value>
         <object_component_ref idref="oc-c5"/>
      </symbol>
      <symbol id="sm-35e">
         <name>_c_int00_noargs_noexit</name>
         <value>0xce6c</value>
         <object_component_ref idref="oc-9e"/>
      </symbol>
      <symbol id="sm-36f">
         <name>__TI_decompress_none</name>
         <value>0xcda4</value>
         <object_component_ref idref="oc-63"/>
      </symbol>
      <symbol id="sm-393">
         <name>__TI_decompress_rle24</name>
         <value>0xceb4</value>
         <object_component_ref idref="oc-69"/>
      </symbol>
      <symbol id="sm-3a3">
         <name>__TI_zero_init</name>
         <value>0xccee</value>
         <object_component_ref idref="oc-80"/>
      </symbol>
      <symbol id="sm-3ae">
         <name>__memcpy_far</name>
         <value>0xccae</value>
         <object_component_ref idref="oc-c9"/>
      </symbol>
      <symbol id="sm-3b9">
         <name>C$$EXIT</name>
         <value>0xced2</value>
         <object_component_ref idref="oc-121"/>
      </symbol>
      <symbol id="sm-3ba">
         <name>abort</name>
         <value>0xced2</value>
         <object_component_ref idref="oc-121"/>
      </symbol>
      <symbol id="sm-3bd">
         <name>__TI_int31</name>
         <value>0xffce</value>
         <object_component_ref idref="oc-6f"/>
      </symbol>
      <symbol id="sm-3c0">
         <name>__TI_int36</name>
         <value>0xffd8</value>
         <object_component_ref idref="oc-70"/>
      </symbol>
      <symbol id="sm-3c3">
         <name>__TI_int40</name>
         <value>0xffe0</value>
         <object_component_ref idref="oc-72"/>
      </symbol>
      <symbol id="sm-3c6">
         <name>__TI_int41</name>
         <value>0xffe2</value>
         <object_component_ref idref="oc-73"/>
      </symbol>
      <symbol id="sm-3c9">
         <name>__TI_int42</name>
         <value>0xffe4</value>
         <object_component_ref idref="oc-74"/>
      </symbol>
      <symbol id="sm-3cc">
         <name>__TI_int44</name>
         <value>0xffe8</value>
         <object_component_ref idref="oc-75"/>
      </symbol>
      <symbol id="sm-3cf">
         <name>__TI_int45</name>
         <value>0xffea</value>
         <object_component_ref idref="oc-76"/>
      </symbol>
      <symbol id="sm-3d2">
         <name>__TI_int46</name>
         <value>0xffec</value>
         <object_component_ref idref="oc-77"/>
      </symbol>
      <symbol id="sm-3d5">
         <name>__TI_int47</name>
         <value>0xffee</value>
         <object_component_ref idref="oc-78"/>
      </symbol>
      <symbol id="sm-3d8">
         <name>__TI_int48</name>
         <value>0xfff0</value>
         <object_component_ref idref="oc-79"/>
      </symbol>
      <symbol id="sm-3db">
         <name>__TI_int50</name>
         <value>0xfff4</value>
         <object_component_ref idref="oc-7b"/>
      </symbol>
      <symbol id="sm-3de">
         <name>__TI_int51</name>
         <value>0xfff6</value>
         <object_component_ref idref="oc-7c"/>
      </symbol>
      <symbol id="sm-3e1">
         <name>__TI_int52</name>
         <value>0xfff8</value>
         <object_component_ref idref="oc-7d"/>
      </symbol>
      <symbol id="sm-3e4">
         <name>__TI_int53</name>
         <value>0xfffa</value>
         <object_component_ref idref="oc-7e"/>
      </symbol>
      <symbol id="sm-3e7">
         <name>__TI_int54</name>
         <value>0xfffc</value>
         <object_component_ref idref="oc-7f"/>
      </symbol>
      <symbol id="sm-3ef">
         <name>__TI_ISR_TRAP</name>
         <value>0xcec8</value>
         <object_component_ref idref="oc-e2"/>
      </symbol>
      <symbol id="sm-42c">
         <name>_sys_memory</name>
         <value>0xc200</value>
         <object_component_ref idref="oc-c6"/>
      </symbol>
      <symbol id="sm-42d">
         <name>malloc</name>
         <value>0xc7ac</value>
         <object_component_ref idref="oc-228"/>
      </symbol>
      <symbol id="sm-42e">
         <name>minit</name>
         <value>0xcde0</value>
         <object_component_ref idref="oc-235"/>
      </symbol>
      <symbol id="sm-46e">
         <name>_system_pre_init</name>
         <value>0xcece</value>
         <object_component_ref idref="oc-f9"/>
      </symbol>
      <symbol id="sm-477">
         <name>_setjmp</name>
         <value>0xc9de</value>
         <object_component_ref idref="oc-1e5"/>
      </symbol>
      <symbol id="sm-478">
         <name>setjmp</name>
         <value>0xc9de</value>
         <object_component_ref idref="oc-1e5"/>
      </symbol>
      <symbol id="sm-479">
         <name>longjmp</name>
         <value>0xca0e</value>
         <object_component_ref idref="oc-1e5"/>
      </symbol>
      <symbol id="sm-48f">
         <name>_nop</name>
         <value>0xced6</value>
         <object_component_ref idref="oc-1b1"/>
      </symbol>
      <symbol id="sm-490">
         <name>_lock</name>
         <value>0x1c36</value>
         <object_component_ref idref="oc-158"/>
      </symbol>
      <symbol id="sm-491">
         <name>_unlock</name>
         <value>0x1c3a</value>
         <object_component_ref idref="oc-161"/>
      </symbol>
      <symbol id="sm-4ae">
         <name>_auto_init_hold_wdt</name>
         <value>0xc8fc</value>
         <object_component_ref idref="oc-ff"/>
      </symbol>
      <symbol id="sm-4b4">
         <name>__TI_INITARRAY_Base</name>
         <value>0x0</value>
      </symbol>
      <symbol id="sm-4b5">
         <name>__TI_INITARRAY_Limit</name>
         <value>0x0</value>
      </symbol>
   </symbol_table>
   <title>Link successful</title>
</link_info>
